[ec2-user@ip-10-2-11-53 ~]$ mysql -u admin -p -h udacity-secondary.cta0x4jhzj04.us-west-2.rds.amazonaws.com
Enter password: 
Welcome to the MySQL monitor.  Commands end with ; or \g.
Your MySQL connection id is 25
Server version: 8.0.35 Source distribution

Copyright (c) 2000, 2024, Oracle and/or its affiliates.

Oracle is a registered trademark of Oracle Corporation and/or its
affiliates. Other names may be trademarks of their respective
owners.

Type 'help;' or '\h' for help. Type '\c' to clear the current input statement.

mysql> show databases;
+--------------------+
| Database           |
+--------------------+
| information_schema |
| mysql              |
| performance_schema |
| sys                |
| udacity            |
+--------------------+
5 rows in set (0.00 sec)

mysql> use udacity;
Reading table information for completion of table and column names
You can turn off this feature to get a quicker startup with -A

Database changed
mysql> show tables;
+-------------------+
| Tables_in_udacity |
+-------------------+
| tutorials         |
+-------------------+
1 row in set (0.00 sec)

mysql> select * from tutorials;
+-------------+-------------------+-----------------+
| tutorial_id | tutorial_title    | tutorial_author |
+-------------+-------------------+-----------------+
|           1 | Udacity AWS       | Max             |
|           2 | Udacity AWS - RDS | Max             |
+-------------+-------------------+-----------------+
2 rows in set (0.00 sec)

mysql> insert into  tutorials (tutorial_title, tutorial_author ) values ('Udacity AWS Replica', 'Max Replica')
;
ERROR 1290 (HY000): The MySQL server is running with the --read-only option so it cannot execute this statement
mysql> 